CAB /home/.z/chat-uploads/Zenonia_1.6-5217fd6b3f10.cab -> /tmp/pockethle-cab-hcGIqI/Zenonia.exe (GAMEVIL USA Inc. / Zenonia)
Loaded /tmp/pockethle-cab-hcGIqI/Zenonia.exe (ARM Thumb machine), 5 sections, 119 imports
Auto-mounted extracted dir /tmp/pockethle-cab-hcGIqI at guest prefix "\\Application\\"
Auto-mounted extracted dir /tmp/pockethle-cab-hcGIqI at guest prefix "\\Program Files\\"
Auto-mounted extracted dir /tmp/pockethle-cab-hcGIqI at guest prefix "\\Program Files\\Game\\"
Auto-mounted extracted dir /tmp/pockethle-cab-hcGIqI at guest prefix "\\expresso\\"
Auto-mounted extracted dir /tmp/pockethle-cab-hcGIqI at guest prefix "\\Program Files\\Zenonia\\"
Auto-mounted extracted dir /tmp/pockethle-cab-hcGIqI at guest prefix "\\Windows\\Start Menu\\Programs\\"
GetModuleFileNameW will report "\\Program Files\\Zenonia\\Zenonia.exe"
Relative guest paths resolve against "\\Program Files\\Zenonia\\"
Queued synthetic tap at (120,160)
Queued synthetic tap at (120,220)
Queued synthetic tap at (120,175)
Registered API stubs: 2619
Dumping framebuffer snapshots to /home/.z/workspaces/con_pcF1fpBv6uB0bcSr/zenonia-final-frames
[2026-08-10T01:03:52Z WARN  pocket_winceapi] unimplemented call -> COREDLL.dll!ImmGetContext
[2026-08-10T01:03:52Z WARN  pocket_winceapi] unimplemented call -> COREDLL.dll!ImmSetConversionStatus
Final framebuffer snapshot written to /tmp/pockethle-final.ppm (230415 bytes, frame_counter=79)
Emulator exited cleanly.
AI tap command:
target/release/pockethle run /home/.z/chat-uploads/Zenonia_1.6-5217fd6b3f10.cab --cpu unicorn --max-slices 300000 --instructions-per-slice 20000 --message-budget 5000 --tap 120,160 --tap 120,220 --tap 120,175 --dump-frames-to /home/.z/workspaces/con_pcF1fpBv6uB0bcSr/zenonia-final-frames --max-frames 40
